[01m[K/workspace/Two-Circle-Ego-Planner/Two-Circle-EGO-Planner-2D-ROS2/planner/bspline_opt/src/uniform_bspline.cpp:[m[K In member function ‘[01m[Kvoid ego_planner::UniformBspline::getMeanAndMaxVel(double&, double&)[m[K’:
[01m[K/workspace/Two-Circle-Ego-Planner/Two-Circle-EGO-Planner-2D-ROS2/planner/bspline_opt/src/uniform_bspline.cpp:334:27:[m[K [01;35m[Kwarning: [m[K‘[01m[Ktmp[m[K’ may be used uninitialized in this function [[01;35m[K-Wmaybe-uninitialized[m[K]
  334 |     for (double t = tm; [01;35m[Kt <= tmp[m[K; t += 0.01)
      |                         [01;35m[K~~^~~~~~[m[K
[01m[K/workspace/Two-Circle-Ego-Planner/Two-Circle-EGO-Planner-2D-ROS2/planner/bspline_opt/src/uniform_bspline.cpp:334:27:[m[K [01;35m[Kwarning: [m[K‘[01m[Ktm[m[K’ may be used uninitialized in this function [[01;35m[K-Wmaybe-uninitialized[m[K]
[01m[K/workspace/Two-Circle-Ego-Planner/Two-Circle-EGO-Planner-2D-ROS2/planner/bspline_opt/src/uniform_bspline.cpp:[m[K In member function ‘[01m[Kvoid ego_planner::UniformBspline::getMeanAndMaxAcc(double&, double&)[m[K’:
[01m[K/workspace/Two-Circle-Ego-Planner/Two-Circle-EGO-Planner-2D-ROS2/planner/bspline_opt/src/uniform_bspline.cpp:360:27:[m[K [01;35m[Kwarning: [m[K‘[01m[Ktmp[m[K’ may be used uninitialized in this function [[01;35m[K-Wmaybe-uninitialized[m[K]
  360 |     for (double t = tm; [01;35m[Kt <= tmp[m[K; t += 0.01)
      |                         [01;35m[K~~^~~~~~[m[K
[01m[K/workspace/Two-Circle-Ego-Planner/Two-Circle-EGO-Planner-2D-ROS2/planner/bspline_opt/src/uniform_bspline.cpp:360:27:[m[K [01;35m[Kwarning: [m[K‘[01m[Ktm[m[K’ may be used uninitialized in this function [[01;35m[K-Wmaybe-uninitialized[m[K]
In file included from [01m[K/workspace/Two-Circle-Ego-Planner/Two-Circle-EGO-Planner-2D-ROS2/./planner/plan_manage/include/plan_manage/planner_interface.h:16[m[K,
                 from [01m[K/workspace/Two-Circle-Ego-Planner/Two-Circle-EGO-Planner-2D-ROS2/planner/plan_manage/src/planner_interface.cpp:1[m[K:
[01m[K/workspace/Two-Circle-Ego-Planner/Two-Circle-EGO-Planner-2D-ROS2/./planner/include/Bspline.h:[m[K In function ‘[01m[Kstd::ostream& ego_planner::operator<<(std::ostream&, const ego_planner::Bspline_<ContainerAllocator>&)[m[K’:
[01m[K/workspace/Two-Circle-Ego-Planner/Two-Circle-EGO-Planner-2D-ROS2/./planner/include/Bspline.h:88:1:[m[K [01;35m[Kwarning: [m[Kno return statement in function returning non-void [[01;35m[K-Wreturn-type[m[K]
   88 | [01;35m[K}[m[K
      | [01;35m[K^[m[K
[01m[K/workspace/Two-Circle-Ego-Planner/Two-Circle-EGO-Planner-2D-ROS2/planner/plan_manage/src/planner_interface.cpp:[m[K In member function ‘[01m[Kvoid ego_planner::PlannerInterface::makePlan()[m[K’:
[01m[K/workspace/Two-Circle-Ego-Planner/Two-Circle-EGO-Planner-2D-ROS2/planner/plan_manage/src/planner_interface.cpp:173:52:[m[K [01;35m[Kwarning: [m[Kformat ‘[01m[K%d[m[K’ expects argument of type ‘[01m[Kint[m[K’, but argument 2 has type ‘[01m[Kstd::chrono::duration<long int, std::ratio<1, 1000> >::rep[m[K’ {aka ‘[01m[Klong int[m[K’} [[01;35m[K-Wformat=[m[K]
  173 |         printf("MotionPlanner Total Running Time: [01;35m[K%d[m[K  ms \n", [32m[Kelapsed.count()[m[K);
      |                                                   [01;35m[K~^[m[K          [32m[K~~~~~~~~~~~~~~~[m[K
      |                                                    [01;35m[K|[m[K                       [32m[K|[m[K
      |                                                    [01;35m[Kint[m[K                     [32m[Kstd::chrono::duration<long int, std::ratio<1, 1000> >::rep {aka long int}[m[K
      |                                                   [32m[K%ld[m[K
In file included from [01m[K/workspace/Two-Circle-Ego-Planner/Two-Circle-EGO-Planner-2D-ROS2/./planner/plan_manage/include/plan_manage/planner_interface.h:16[m[K,
                 from [01m[K/workspace/Two-Circle-Ego-Planner/Two-Circle-EGO-Planner-2D-ROS2/include/trajectory_obstacles_publisher.h:46[m[K,
                 from [01m[K/workspace/Two-Circle-Ego-Planner/Two-Circle-EGO-Planner-2D-ROS2/src/trajectory_publisher.cpp:6[m[K:
[01m[K/workspace/Two-Circle-Ego-Planner/Two-Circle-EGO-Planner-2D-ROS2/./planner/include/Bspline.h:[m[K In function ‘[01m[Kstd::ostream& ego_planner::operator<<(std::ostream&, const ego_planner::Bspline_<ContainerAllocator>&)[m[K’:
[01m[K/workspace/Two-Circle-Ego-Planner/Two-Circle-EGO-Planner-2D-ROS2/./planner/include/Bspline.h:88:1:[m[K [01;35m[Kwarning: [m[Kno return statement in function returning non-void [[01;35m[K-Wreturn-type[m[K]
   88 | [01;35m[K}[m[K
      | [01;35m[K^[m[K
In file included from [01m[K/opt/ros/humble/include/rclcpp/rclcpp/logging.hpp:24[m[K,
                 from [01m[K/opt/ros/humble/include/rclcpp/rclcpp/client.hpp:40[m[K,
                 from [01m[K/opt/ros/humble/include/rclcpp/rclcpp/callback_group.hpp:24[m[K,
                 from [01m[K/opt/ros/humble/include/rclcpp/rclcpp/any_executable.hpp:20[m[K,
                 from [01m[K/opt/ros/humble/include/rclcpp/rclcpp/memory_strategy.hpp:25[m[K,
                 from [01m[K/opt/ros/humble/include/rclcpp/rclcpp/memory_strategies.hpp:18[m[K,
                 from [01m[K/opt/ros/humble/include/rclcpp/rclcpp/executor_options.hpp:20[m[K,
                 from [01m[K/opt/ros/humble/include/rclcpp/rclcpp/executor.hpp:37[m[K,
                 from [01m[K/opt/ros/humble/include/rclcpp/rclcpp/executors/multi_threaded_executor.hpp:25[m[K,
                 from [01m[K/opt/ros/humble/include/rclcpp/rclcpp/executors.hpp:21[m[K,
                 from [01m[K/opt/ros/humble/include/rclcpp/rclcpp/rclcpp.hpp:155[m[K,
                 from [01m[K/workspace/Two-Circle-Ego-Planner/Two-Circle-EGO-Planner-2D-ROS2/include/trajectory_obstacles_publisher.h:30[m[K,
                 from [01m[K/workspace/Two-Circle-Ego-Planner/Two-Circle-EGO-Planner-2D-ROS2/src/trajectory_publisher.cpp:6[m[K:
[01m[K/workspace/Two-Circle-Ego-Planner/Two-Circle-EGO-Planner-2D-ROS2/src/trajectory_publisher.cpp:[m[K In constructor ‘[01m[KTrajectoryAndObstaclesPublisher::TrajectoryAndObstaclesPublisher()[m[K’:
[01m[K/workspace/Two-Circle-Ego-Planner/Two-Circle-EGO-Planner-2D-ROS2/src/trajectory_publisher.cpp:86:37:[m[K [01;35m[Kwarning: [m[Kzero-length gnu_printf format string [[01;35m[K-Wformat-zero-length[m[K]
   86 |     RCLCPP_INFO(this->get_logger(), [01;35m[K""[m[K);
      |                                     [01;35m[K^~[m[K
