-- The C compiler identification is GNU 11.4.0
-- The CXX compiler identification is GNU 11.4.0
-- Detecting C compiler ABI info
-- Detecting C compiler ABI info - done
-- Check for working C compiler: /usr/bin/cc - skipped
-- Detecting C compile features
-- Detecting C compile features - done
-- Detecting CXX compiler ABI info
-- Detecting CXX compiler ABI info - done
-- Check for working CXX compiler: /usr/bin/c++ - skipped
-- Detecting CXX compile features
-- Detecting CXX compile features - done
-- Found ament_cmake: 1.3.14 (/opt/ros/humble/share/ament_cmake/cmake)
-- Found Python3: /usr/bin/python3 (found version "3.10.12") found components: Interpreter 
-- Found rclcpp: 16.0.19 (/opt/ros/humble/share/rclcpp/cmake)
-- Found rosidl_generator_c: 3.1.8 (/opt/ros/humble/share/rosidl_generator_c/cmake)
-- Found rosidl_adapter: 3.1.8 (/opt/ros/humble/share/rosidl_adapter/cmake)
-- Found rosidl_generator_cpp: 3.1.8 (/opt/ros/humble/share/rosidl_generator_cpp/cmake)
-- Using all available rosidl_typesupport_c: rosidl_typesupport_fastrtps_c;rosidl_typesupport_introspection_c
-- Using all available rosidl_typesupport_cpp: rosidl_typesupport_fastrtps_cpp;rosidl_typesupport_introspection_cpp
-- Found rmw_implementation_cmake: 6.1.2 (/opt/ros/humble/share/rmw_implementation_cmake/cmake)
-- Found rmw_fastrtps_cpp: 6.2.10 (/opt/ros/humble/share/rmw_fastrtps_cpp/cmake)
-- Found OpenSSL: /usr/lib/x86_64-linux-gnu/libcrypto.so (found version "3.0.2")  
-- Found FastRTPS: /opt/ros/humble/include  
-- Using RMW implementation 'rmw_fastrtps_cpp' as default
-- Looking for pthread.h
-- Looking for pthread.h - found
-- Performing Test CMAKE_HAVE_LIBC_PTHREAD
-- Performing Test CMAKE_HAVE_LIBC_PTHREAD - Success
-- Found Threads: TRUE  
-- Found nav_msgs: 4.9.1 (/opt/ros/humble/share/nav_msgs/cmake)
-- Found tf2: 0.25.20 (/opt/ros/humble/share/tf2/cmake)
-- Found tf2_ros: 0.25.20 (/opt/ros/humble/share/tf2_ros/cmake)
-- Found sensor_msgs: 4.9.1 (/opt/ros/humble/share/sensor_msgs/cmake)
-- Found Boost: /usr/lib/x86_64-linux-gnu/cmake/Boost-1.74.0/BoostConfig.cmake (found version "1.74.0")  
-- Found visualization_msgs: 4.9.1 (/opt/ros/humble/share/visualization_msgs/cmake)
-- Configuring done
-- Generating done
-- Build files have been written to: /workspace/Two-Circle-Ego-Planner/Two-Circle-EGO-Planner-2D-ROS2/build/ego_planner
[  8%] [32mBuilding CXX object planner/bspline_opt/CMakeFiles/bspline_opt.dir/src/uniform_bspline.cpp.o[0m
[ 16%] [32mBuilding CXX object planner/bspline_opt/CMakeFiles/bspline_opt.dir/src/bspline_optimizer.cpp.o[0m
[ 25%] [32mBuilding CXX object planner/bspline_opt/CMakeFiles/bspline_opt.dir/src/gradient_descent_optimizer.cpp.o[0m
[ 33%] [32mBuilding CXX object planner/path_searching/CMakeFiles/path_searching.dir/src/dyn_a_star.cpp.o[0m
[ 41%] [32mBuilding CXX object planner/GridMap2D/CMakeFiles/local_map.dir/src/grid_map.cpp.o[0m
[ 50%] [32m[1mLinking CXX static library liblocal_map.a[0m
[ 50%] Built target local_map
[ 58%] [32m[1mLinking CXX static library libpath_searching.a[0m
[ 58%] Built target path_searching
[01m[K/workspace/Two-Circle-Ego-Planner/Two-Circle-EGO-Planner-2D-ROS2/planner/bspline_opt/src/uniform_bspline.cpp:[m[K In member function ‘[01m[Kvoid ego_planner::UniformBspline::getMeanAndMaxVel(double&, double&)[m[K’:
[01m[K/workspace/Two-Circle-Ego-Planner/Two-Circle-EGO-Planner-2D-ROS2/planner/bspline_opt/src/uniform_bspline.cpp:334:27:[m[K [01;35m[Kwarning: [m[K‘[01m[Ktmp[m[K’ may be used uninitialized in this function [[01;35m[K-Wmaybe-uninitialized[m[K]
  334 |     for (double t = tm; [01;35m[Kt <= tmp[m[K; t += 0.01)
      |                         [01;35m[K~~^~~~~~[m[K
[01m[K/workspace/Two-Circle-Ego-Planner/Two-Circle-EGO-Planner-2D-ROS2/planner/bspline_opt/src/uniform_bspline.cpp:334:27:[m[K [01;35m[Kwarning: [m[K‘[01m[Ktm[m[K’ may be used uninitialized in this function [[01;35m[K-Wmaybe-uninitialized[m[K]
[01m[K/workspace/Two-Circle-Ego-Planner/Two-Circle-EGO-Planner-2D-ROS2/planner/bspline_opt/src/uniform_bspline.cpp:[m[K In member function ‘[01m[Kvoid ego_planner::UniformBspline::getMeanAndMaxAcc(double&, double&)[m[K’:
[01m[K/workspace/Two-Circle-Ego-Planner/Two-Circle-EGO-Planner-2D-ROS2/planner/bspline_opt/src/uniform_bspline.cpp:360:27:[m[K [01;35m[Kwarning: [m[K‘[01m[Ktmp[m[K’ may be used uninitialized in this function [[01;35m[K-Wmaybe-uninitialized[m[K]
  360 |     for (double t = tm; [01;35m[Kt <= tmp[m[K; t += 0.01)
      |                         [01;35m[K~~^~~~~~[m[K
[01m[K/workspace/Two-Circle-Ego-Planner/Two-Circle-EGO-Planner-2D-ROS2/planner/bspline_opt/src/uniform_bspline.cpp:360:27:[m[K [01;35m[Kwarning: [m[K‘[01m[Ktm[m[K’ may be used uninitialized in this function [[01;35m[K-Wmaybe-uninitialized[m[K]
[ 66%] [32m[1mLinking CXX static library libbspline_opt.a[0m
[ 66%] Built target bspline_opt
[ 75%] [32mBuilding CXX object planner/plan_manage/CMakeFiles/ego_planner.dir/src/planner_interface.cpp.o[0m
In file included from [01m[K/workspace/Two-Circle-Ego-Planner/Two-Circle-EGO-Planner-2D-ROS2/./planner/plan_manage/include/plan_manage/planner_interface.h:16[m[K,
                 from [01m[K/workspace/Two-Circle-Ego-Planner/Two-Circle-EGO-Planner-2D-ROS2/planner/plan_manage/src/planner_interface.cpp:1[m[K:
[01m[K/workspace/Two-Circle-Ego-Planner/Two-Circle-EGO-Planner-2D-ROS2/./planner/include/Bspline.h:[m[K In function ‘[01m[Kstd::ostream& ego_planner::operator<<(std::ostream&, const ego_planner::Bspline_<ContainerAllocator>&)[m[K’:
[01m[K/workspace/Two-Circle-Ego-Planner/Two-Circle-EGO-Planner-2D-ROS2/./planner/include/Bspline.h:88:1:[m[K [01;35m[Kwarning: [m[Kno return statement in function returning non-void [[01;35m[K-Wreturn-type[m[K]
   88 | [01;35m[K}[m[K
      | [01;35m[K^[m[K
[01m[K/workspace/Two-Circle-Ego-Planner/Two-Circle-EGO-Planner-2D-ROS2/planner/plan_manage/src/planner_interface.cpp:[m[K In member function ‘[01m[Kvoid ego_planner::PlannerInterface::makePlan()[m[K’:
[01m[K/workspace/Two-Circle-Ego-Planner/Two-Circle-EGO-Planner-2D-ROS2/planner/plan_manage/src/planner_interface.cpp:173:52:[m[K [01;35m[Kwarning: [m[Kformat ‘[01m[K%d[m[K’ expects argument of type ‘[01m[Kint[m[K’, but argument 2 has type ‘[01m[Kstd::chrono::duration<long int, std::ratio<1, 1000> >::rep[m[K’ {aka ‘[01m[Klong int[m[K’} [[01;35m[K-Wformat=[m[K]
  173 |         printf("MotionPlanner Total Running Time: [01;35m[K%d[m[K  ms \n", [32m[Kelapsed.count()[m[K);
      |                                                   [01;35m[K~^[m[K          [32m[K~~~~~~~~~~~~~~~[m[K
      |                                                    [01;35m[K|[m[K                       [32m[K|[m[K
      |                                                    [01;35m[Kint[m[K                     [32m[Kstd::chrono::duration<long int, std::ratio<1, 1000> >::rep {aka long int}[m[K
      |                                                   [32m[K%ld[m[K
[ 83%] [32m[1mLinking CXX static library libego_planner.a[0m
[ 83%] Built target ego_planner
[ 91%] [32mBuilding CXX object CMakeFiles/motion_plan.dir/src/trajectory_publisher.cpp.o[0m
In file included from [01m[K/workspace/Two-Circle-Ego-Planner/Two-Circle-EGO-Planner-2D-ROS2/./planner/plan_manage/include/plan_manage/planner_interface.h:16[m[K,
                 from [01m[K/workspace/Two-Circle-Ego-Planner/Two-Circle-EGO-Planner-2D-ROS2/include/trajectory_obstacles_publisher.h:46[m[K,
                 from [01m[K/workspace/Two-Circle-Ego-Planner/Two-Circle-EGO-Planner-2D-ROS2/src/trajectory_publisher.cpp:6[m[K:
[01m[K/workspace/Two-Circle-Ego-Planner/Two-Circle-EGO-Planner-2D-ROS2/./planner/include/Bspline.h:[m[K In function ‘[01m[Kstd::ostream& ego_planner::operator<<(std::ostream&, const ego_planner::Bspline_<ContainerAllocator>&)[m[K’:
[01m[K/workspace/Two-Circle-Ego-Planner/Two-Circle-EGO-Planner-2D-ROS2/./planner/include/Bspline.h:88:1:[m[K [01;35m[Kwarning: [m[Kno return statement in function returning non-void [[01;35m[K-Wreturn-type[m[K]
   88 | [01;35m[K}[m[K
      | [01;35m[K^[m[K
In file included from [01m[K/opt/ros/humble/include/rclcpp/rclcpp/logging.hpp:24[m[K,
                 from [01m[K/opt/ros/humble/include/rclcpp/rclcpp/client.hpp:40[m[K,
                 from [01m[K/opt/ros/humble/include/rclcpp/rclcpp/callback_group.hpp:24[m[K,
                 from [01m[K/opt/ros/humble/include/rclcpp/rclcpp/any_executable.hpp:20[m[K,
                 from [01m[K/opt/ros/humble/include/rclcpp/rclcpp/memory_strategy.hpp:25[m[K,
                 from [01m[K/opt/ros/humble/include/rclcpp/rclcpp/memory_strategies.hpp:18[m[K,
                 from [01m[K/opt/ros/humble/include/rclcpp/rclcpp/executor_options.hpp:20[m[K,
                 from [01m[K/opt/ros/humble/include/rclcpp/rclcpp/executor.hpp:37[m[K,
                 from [01m[K/opt/ros/humble/include/rclcpp/rclcpp/executors/multi_threaded_executor.hpp:25[m[K,
                 from [01m[K/opt/ros/humble/include/rclcpp/rclcpp/executors.hpp:21[m[K,
                 from [01m[K/opt/ros/humble/include/rclcpp/rclcpp/rclcpp.hpp:155[m[K,
                 from [01m[K/workspace/Two-Circle-Ego-Planner/Two-Circle-EGO-Planner-2D-ROS2/include/trajectory_obstacles_publisher.h:30[m[K,
                 from [01m[K/workspace/Two-Circle-Ego-Planner/Two-Circle-EGO-Planner-2D-ROS2/src/trajectory_publisher.cpp:6[m[K:
[01m[K/workspace/Two-Circle-Ego-Planner/Two-Circle-EGO-Planner-2D-ROS2/src/trajectory_publisher.cpp:[m[K In constructor ‘[01m[KTrajectoryAndObstaclesPublisher::TrajectoryAndObstaclesPublisher()[m[K’:
[01m[K/workspace/Two-Circle-Ego-Planner/Two-Circle-EGO-Planner-2D-ROS2/src/trajectory_publisher.cpp:86:37:[m[K [01;35m[Kwarning: [m[Kzero-length gnu_printf format string [[01;35m[K-Wformat-zero-length[m[K]
   86 |     RCLCPP_INFO(this->get_logger(), [01;35m[K""[m[K);
      |                                     [01;35m[K^~[m[K
[100%] [32m[1mLinking CXX executable motion_plan[0m
[100%] Built target motion_plan
-- Install configuration: "Release"
-- Installing: /workspace/Two-Circle-Ego-Planner/Two-Circle-EGO-Planner-2D-ROS2/install/ego_planner/lib/ego_planner/motion_plan
-- Set runtime path of "/workspace/Two-Circle-Ego-Planner/Two-Circle-EGO-Planner-2D-ROS2/install/ego_planner/lib/ego_planner/motion_plan" to ""
-- Installing: /workspace/Two-Circle-Ego-Planner/Two-Circle-EGO-Planner-2D-ROS2/install/ego_planner/share/ament_index/resource_index/package_run_dependencies/ego_planner
-- Installing: /workspace/Two-Circle-Ego-Planner/Two-Circle-EGO-Planner-2D-ROS2/install/ego_planner/share/ament_index/resource_index/parent_prefix_path/ego_planner
-- Installing: /workspace/Two-Circle-Ego-Planner/Two-Circle-EGO-Planner-2D-ROS2/install/ego_planner/share/ego_planner/environment/ament_prefix_path.sh
-- Installing: /workspace/Two-Circle-Ego-Planner/Two-Circle-EGO-Planner-2D-ROS2/install/ego_planner/share/ego_planner/environment/ament_prefix_path.dsv
-- Installing: /workspace/Two-Circle-Ego-Planner/Two-Circle-EGO-Planner-2D-ROS2/install/ego_planner/share/ego_planner/environment/path.sh
-- Installing: /workspace/Two-Circle-Ego-Planner/Two-Circle-EGO-Planner-2D-ROS2/install/ego_planner/share/ego_planner/environment/path.dsv
-- Installing: /workspace/Two-Circle-Ego-Planner/Two-Circle-EGO-Planner-2D-ROS2/install/ego_planner/share/ego_planner/local_setup.bash
-- Installing: /workspace/Two-Circle-Ego-Planner/Two-Circle-EGO-Planner-2D-ROS2/install/ego_planner/share/ego_planner/local_setup.sh
-- Installing: /workspace/Two-Circle-Ego-Planner/Two-Circle-EGO-Planner-2D-ROS2/install/ego_planner/share/ego_planner/local_setup.zsh
-- Installing: /workspace/Two-Circle-Ego-Planner/Two-Circle-EGO-Planner-2D-ROS2/install/ego_planner/share/ego_planner/local_setup.dsv
-- Installing: /workspace/Two-Circle-Ego-Planner/Two-Circle-EGO-Planner-2D-ROS2/install/ego_planner/share/ego_planner/package.dsv
-- Installing: /workspace/Two-Circle-Ego-Planner/Two-Circle-EGO-Planner-2D-ROS2/install/ego_planner/share/ament_index/resource_index/packages/ego_planner
-- Installing: /workspace/Two-Circle-Ego-Planner/Two-Circle-EGO-Planner-2D-ROS2/install/ego_planner/share/ego_planner/cmake/ego_plannerConfig.cmake
-- Installing: /workspace/Two-Circle-Ego-Planner/Two-Circle-EGO-Planner-2D-ROS2/install/ego_planner/share/ego_planner/cmake/ego_plannerConfig-version.cmake
-- Installing: /workspace/Two-Circle-Ego-Planner/Two-Circle-EGO-Planner-2D-ROS2/install/ego_planner/share/ego_planner/package.xml
