-- The C compiler identification is GNU 11.4.0
-- The CXX compiler identification is GNU 11.4.0
-- Detecting C compiler ABI info
-- Detecting C compiler ABI info - done
-- Check for working C compiler: /usr/bin/cc - skipped
-- Detecting C compile features
-- Detecting C compile features - done
-- Detecting CXX compiler ABI info
-- Detecting CXX compiler ABI info - done
-- Check for working CXX compiler: /usr/bin/c++ - skipped
-- Detecting CXX compile features
-- Detecting CXX compile features - done
-- Found ament_cmake: 1.3.14 (/opt/ros/humble/share/ament_cmake/cmake)
-- Found Python3: /usr/bin/python3 (found version "3.10.12") found components: Interpreter 
-- Found rclcpp: 16.0.19 (/opt/ros/humble/share/rclcpp/cmake)
-- Found rosidl_generator_c: 3.1.8 (/opt/ros/humble/share/rosidl_generator_c/cmake)
-- Found rosidl_adapter: 3.1.8 (/opt/ros/humble/share/rosidl_adapter/cmake)
-- Found rosidl_generator_cpp: 3.1.8 (/opt/ros/humble/share/rosidl_generator_cpp/cmake)
-- Using all available rosidl_typesupport_c: rosidl_typesupport_fastrtps_c;rosidl_typesupport_introspection_c
-- Using all available rosidl_typesupport_cpp: rosidl_typesupport_fastrtps_cpp;rosidl_typesupport_introspection_cpp
-- Found rmw_implementation_cmake: 6.1.2 (/opt/ros/humble/share/rmw_implementation_cmake/cmake)
-- Found rmw_fastrtps_cpp: 6.2.10 (/opt/ros/humble/share/rmw_fastrtps_cpp/cmake)
-- Found OpenSSL: /usr/lib/x86_64-linux-gnu/libcrypto.so (found version "3.0.2")  
-- Found FastRTPS: /opt/ros/humble/include  
-- Using RMW implementation 'rmw_fastrtps_cpp' as default
-- Looking for pthread.h
-- Looking for pthread.h - found
-- Performing Test CMAKE_HAVE_LIBC_PTHREAD
-- Performing Test CMAKE_HAVE_LIBC_PTHREAD - Success
-- Found Threads: TRUE  
-- Found nav_msgs: 4.9.1 (/opt/ros/humble/share/nav_msgs/cmake)
-- Found tf2: 0.25.20 (/opt/ros/humble/share/tf2/cmake)
-- Found tf2_ros: 0.25.20 (/opt/ros/humble/share/tf2_ros/cmake)
-- Found sensor_msgs: 4.9.1 (/opt/ros/humble/share/sensor_msgs/cmake)
-- Found Boost: /usr/lib/x86_64-linux-gnu/cmake/Boost-1.74.0/BoostConfig.cmake (found version "1.74.0")  
-- Found visualization_msgs: 4.9.1 (/opt/ros/humble/share/visualization_msgs/cmake)
-- Configuring done
-- Generating done
-- Build files have been written to: /workspace/Two-Circle-Ego-Planner/Two-Circle-EGO-Planner-2D-ROS2/build/ego_planner
[  8%] [32mBuilding CXX object planner/bspline_opt/CMakeFiles/bspline_opt.dir/src/uniform_bspline.cpp.o[0m
[ 16%] [32mBuilding CXX object planner/bspline_opt/CMakeFiles/bspline_opt.dir/src/bspline_optimizer.cpp.o[0m
[ 25%] [32mBuilding CXX object planner/bspline_opt/CMakeFiles/bspline_opt.dir/src/gradient_descent_optimizer.cpp.o[0m
[ 33%] [32mBuilding CXX object planner/path_searching/CMakeFiles/path_searching.dir/src/dyn_a_star.cpp.o[0m
[ 41%] [32mBuilding CXX object planner/GridMap2D/CMakeFiles/local_map.dir/src/grid_map.cpp.o[0m
[ 50%] [32m[1mLinking CXX static library liblocal_map.a[0m
[ 50%] Built target local_map
[ 58%] [32m[1mLinking CXX static library libpath_searching.a[0m
[ 58%] Built target path_searching
[ 66%] [32m[1mLinking CXX static library libbspline_opt.a[0m
[ 66%] Built target bspline_opt
[ 75%] [32mBuilding CXX object planner/plan_manage/CMakeFiles/ego_planner.dir/src/planner_interface.cpp.o[0m
[ 83%] [32m[1mLinking CXX static library libego_planner.a[0m
[ 83%] Built target ego_planner
[ 91%] [32mBuilding CXX object CMakeFiles/motion_plan.dir/src/trajectory_publisher.cpp.o[0m
[100%] [32m[1mLinking CXX executable motion_plan[0m
[100%] Built target motion_plan
-- Install configuration: "Release"
-- Installing: /workspace/Two-Circle-Ego-Planner/Two-Circle-EGO-Planner-2D-ROS2/install/ego_planner/lib/ego_planner/motion_plan
-- Set runtime path of "/workspace/Two-Circle-Ego-Planner/Two-Circle-EGO-Planner-2D-ROS2/install/ego_planner/lib/ego_planner/motion_plan" to ""
-- Installing: /workspace/Two-Circle-Ego-Planner/Two-Circle-EGO-Planner-2D-ROS2/install/ego_planner/share/ament_index/resource_index/package_run_dependencies/ego_planner
-- Installing: /workspace/Two-Circle-Ego-Planner/Two-Circle-EGO-Planner-2D-ROS2/install/ego_planner/share/ament_index/resource_index/parent_prefix_path/ego_planner
-- Installing: /workspace/Two-Circle-Ego-Planner/Two-Circle-EGO-Planner-2D-ROS2/install/ego_planner/share/ego_planner/environment/ament_prefix_path.sh
-- Installing: /workspace/Two-Circle-Ego-Planner/Two-Circle-EGO-Planner-2D-ROS2/install/ego_planner/share/ego_planner/environment/ament_prefix_path.dsv
-- Installing: /workspace/Two-Circle-Ego-Planner/Two-Circle-EGO-Planner-2D-ROS2/install/ego_planner/share/ego_planner/environment/path.sh
-- Installing: /workspace/Two-Circle-Ego-Planner/Two-Circle-EGO-Planner-2D-ROS2/install/ego_planner/share/ego_planner/environment/path.dsv
-- Installing: /workspace/Two-Circle-Ego-Planner/Two-Circle-EGO-Planner-2D-ROS2/install/ego_planner/share/ego_planner/local_setup.bash
-- Installing: /workspace/Two-Circle-Ego-Planner/Two-Circle-EGO-Planner-2D-ROS2/install/ego_planner/share/ego_planner/local_setup.sh
-- Installing: /workspace/Two-Circle-Ego-Planner/Two-Circle-EGO-Planner-2D-ROS2/install/ego_planner/share/ego_planner/local_setup.zsh
-- Installing: /workspace/Two-Circle-Ego-Planner/Two-Circle-EGO-Planner-2D-ROS2/install/ego_planner/share/ego_planner/local_setup.dsv
-- Installing: /workspace/Two-Circle-Ego-Planner/Two-Circle-EGO-Planner-2D-ROS2/install/ego_planner/share/ego_planner/package.dsv
-- Installing: /workspace/Two-Circle-Ego-Planner/Two-Circle-EGO-Planner-2D-ROS2/install/ego_planner/share/ament_index/resource_index/packages/ego_planner
-- Installing: /workspace/Two-Circle-Ego-Planner/Two-Circle-EGO-Planner-2D-ROS2/install/ego_planner/share/ego_planner/cmake/ego_plannerConfig.cmake
-- Installing: /workspace/Two-Circle-Ego-Planner/Two-Circle-EGO-Planner-2D-ROS2/install/ego_planner/share/ego_planner/cmake/ego_plannerConfig-version.cmake
-- Installing: /workspace/Two-Circle-Ego-Planner/Two-Circle-EGO-Planner-2D-ROS2/install/ego_planner/share/ego_planner/package.xml
