[0.004s] Invoking command in '/workspace/Two-Circle-Ego-Planner/Two-Circle-EGO-Planner-2D-ROS2/build/ego_planner': CMAKE_PREFIX_PATH=/opt/ros/humble /usr/bin/cmake /workspace/Two-Circle-Ego-Planner/Two-Circle-EGO-Planner-2D-ROS2 -DCMAKE_INSTALL_PREFIX=/workspace/Two-Circle-Ego-Planner/Two-Circle-EGO-Planner-2D-ROS2/install/ego_planner
[0.032s] -- The C compiler identification is GNU 11.4.0
[0.062s] -- The CXX compiler identification is GNU 11.4.0
[0.066s] -- Detecting C compiler ABI info
[0.107s] -- Detecting C compiler ABI info - done
[0.110s] -- Check for working C compiler: /usr/bin/cc - skipped
[0.110s] -- Detecting C compile features
[0.110s] -- Detecting C compile features - done
[0.111s] -- Detecting CXX compiler ABI info
[0.157s] -- Detecting CXX compiler ABI info - done
[0.160s] -- Check for working CXX compiler: /usr/bin/c++ - skipped
[0.160s] -- Detecting CXX compile features
[0.160s] -- Detecting CXX compile features - done
[0.161s] -- Found ament_cmake: 1.3.14 (/opt/ros/humble/share/ament_cmake/cmake)
[0.238s] -- Found Python3: /usr/bin/python3 (found version "3.10.12") found components: Interpreter 
[0.279s] -- Found rclcpp: 16.0.19 (/opt/ros/humble/share/rclcpp/cmake)
[0.295s] -- Found rosidl_generator_c: 3.1.8 (/opt/ros/humble/share/rosidl_generator_c/cmake)
[0.297s] -- Found rosidl_adapter: 3.1.8 (/opt/ros/humble/share/rosidl_adapter/cmake)
[0.301s] -- Found rosidl_generator_cpp: 3.1.8 (/opt/ros/humble/share/rosidl_generator_cpp/cmake)
[0.307s] -- Using all available rosidl_typesupport_c: rosidl_typesupport_fastrtps_c;rosidl_typesupport_introspection_c
[0.313s] -- Using all available rosidl_typesupport_cpp: rosidl_typesupport_fastrtps_cpp;rosidl_typesupport_introspection_cpp
[0.331s] -- Found rmw_implementation_cmake: 6.1.2 (/opt/ros/humble/share/rmw_implementation_cmake/cmake)
[0.332s] -- Found rmw_fastrtps_cpp: 6.2.10 (/opt/ros/humble/share/rmw_fastrtps_cpp/cmake)
[0.388s] -- Found OpenSSL: /usr/lib/x86_64-linux-gnu/libcrypto.so (found version "3.0.2")  
[0.399s] -- Found FastRTPS: /opt/ros/humble/include  
[0.421s] -- Using RMW implementation 'rmw_fastrtps_cpp' as default
[0.426s] -- Looking for pthread.h
[0.468s] -- Looking for pthread.h - found
[0.468s] -- Performing Test CMAKE_HAVE_LIBC_PTHREAD
[0.510s] -- Performing Test CMAKE_HAVE_LIBC_PTHREAD - Success
[0.511s] -- Found Threads: TRUE  
[0.534s] -- Found nav_msgs: 4.9.1 (/opt/ros/humble/share/nav_msgs/cmake)
[0.546s] -- Found tf2: 0.25.20 (/opt/ros/humble/share/tf2/cmake)
[0.551s] -- Found tf2_ros: 0.25.20 (/opt/ros/humble/share/tf2_ros/cmake)
[0.590s] -- Found sensor_msgs: 4.9.1 (/opt/ros/humble/share/sensor_msgs/cmake)
[0.600s] -- Found Boost: /usr/lib/x86_64-linux-gnu/cmake/Boost-1.74.0/BoostConfig.cmake (found version "1.74.0")  
[0.601s] -- Found visualization_msgs: 4.9.1 (/opt/ros/humble/share/visualization_msgs/cmake)
[0.645s] -- Configuring done
[0.654s] -- Generating done
[0.657s] -- Build files have been written to: /workspace/Two-Circle-Ego-Planner/Two-Circle-EGO-Planner-2D-ROS2/build/ego_planner
[0.663s] Invoked command in '/workspace/Two-Circle-Ego-Planner/Two-Circle-EGO-Planner-2D-ROS2/build/ego_planner' returned '0': CMAKE_PREFIX_PATH=/opt/ros/humble /usr/bin/cmake /workspace/Two-Circle-Ego-Planner/Two-Circle-EGO-Planner-2D-ROS2 -DCMAKE_INSTALL_PREFIX=/workspace/Two-Circle-Ego-Planner/Two-Circle-EGO-Planner-2D-ROS2/install/ego_planner
[0.664s] Invoking command in '/workspace/Two-Circle-Ego-Planner/Two-Circle-EGO-Planner-2D-ROS2/build/ego_planner': CMAKE_PREFIX_PATH=/opt/ros/humble /usr/bin/cmake --build /workspace/Two-Circle-Ego-Planner/Two-Circle-EGO-Planner-2D-ROS2/build/ego_planner -- -j20 -l20
[0.694s] [  8%] [32mBuilding CXX object planner/bspline_opt/CMakeFiles/bspline_opt.dir/src/uniform_bspline.cpp.o[0m
[0.694s] [ 16%] [32mBuilding CXX object planner/bspline_opt/CMakeFiles/bspline_opt.dir/src/bspline_optimizer.cpp.o[0m
[0.694s] [ 25%] [32mBuilding CXX object planner/bspline_opt/CMakeFiles/bspline_opt.dir/src/gradient_descent_optimizer.cpp.o[0m
[0.694s] [ 33%] [32mBuilding CXX object planner/path_searching/CMakeFiles/path_searching.dir/src/dyn_a_star.cpp.o[0m
[0.694s] [ 41%] [32mBuilding CXX object planner/GridMap2D/CMakeFiles/local_map.dir/src/grid_map.cpp.o[0m
[1.627s] [ 50%] [32m[1mLinking CXX static library liblocal_map.a[0m
[1.651s] [ 50%] Built target local_map
[2.123s] [ 58%] [32m[1mLinking CXX static library libpath_searching.a[0m
[2.154s] [ 58%] Built target path_searching
[4.088s] [01m[K/workspace/Two-Circle-Ego-Planner/Two-Circle-EGO-Planner-2D-ROS2/planner/bspline_opt/src/uniform_bspline.cpp:[m[K In member function ‘[01m[Kvoid ego_planner::UniformBspline::getMeanAndMaxVel(double&, double&)[m[K’:
[4.088s] [01m[K/workspace/Two-Circle-Ego-Planner/Two-Circle-EGO-Planner-2D-ROS2/planner/bspline_opt/src/uniform_bspline.cpp:334:27:[m[K [01;35m[Kwarning: [m[K‘[01m[Ktmp[m[K’ may be used uninitialized in this function [[01;35m[K-Wmaybe-uninitialized[m[K]
[4.088s]   334 |     for (double t = tm; [01;35m[Kt <= tmp[m[K; t += 0.01)
[4.088s]       |                         [01;35m[K~~^~~~~~[m[K
[4.088s] [01m[K/workspace/Two-Circle-Ego-Planner/Two-Circle-EGO-Planner-2D-ROS2/planner/bspline_opt/src/uniform_bspline.cpp:334:27:[m[K [01;35m[Kwarning: [m[K‘[01m[Ktm[m[K’ may be used uninitialized in this function [[01;35m[K-Wmaybe-uninitialized[m[K]
[4.104s] [01m[K/workspace/Two-Circle-Ego-Planner/Two-Circle-EGO-Planner-2D-ROS2/planner/bspline_opt/src/uniform_bspline.cpp:[m[K In member function ‘[01m[Kvoid ego_planner::UniformBspline::getMeanAndMaxAcc(double&, double&)[m[K’:
[4.104s] [01m[K/workspace/Two-Circle-Ego-Planner/Two-Circle-EGO-Planner-2D-ROS2/planner/bspline_opt/src/uniform_bspline.cpp:360:27:[m[K [01;35m[Kwarning: [m[K‘[01m[Ktmp[m[K’ may be used uninitialized in this function [[01;35m[K-Wmaybe-uninitialized[m[K]
[4.104s]   360 |     for (double t = tm; [01;35m[Kt <= tmp[m[K; t += 0.01)
[4.104s]       |                         [01;35m[K~~^~~~~~[m[K
[4.104s] [01m[K/workspace/Two-Circle-Ego-Planner/Two-Circle-EGO-Planner-2D-ROS2/planner/bspline_opt/src/uniform_bspline.cpp:360:27:[m[K [01;35m[Kwarning: [m[K‘[01m[Ktm[m[K’ may be used uninitialized in this function [[01;35m[K-Wmaybe-uninitialized[m[K]
[5.361s] [ 66%] [32m[1mLinking CXX static library libbspline_opt.a[0m
[5.451s] [ 66%] Built target bspline_opt
[5.464s] [ 75%] [32mBuilding CXX object planner/plan_manage/CMakeFiles/ego_planner.dir/src/planner_interface.cpp.o[0m
[6.050s] In file included from [01m[K/workspace/Two-Circle-Ego-Planner/Two-Circle-EGO-Planner-2D-ROS2/./planner/plan_manage/include/plan_manage/planner_interface.h:16[m[K,
[6.050s]                  from [01m[K/workspace/Two-Circle-Ego-Planner/Two-Circle-EGO-Planner-2D-ROS2/planner/plan_manage/src/planner_interface.cpp:1[m[K:
[6.050s] [01m[K/workspace/Two-Circle-Ego-Planner/Two-Circle-EGO-Planner-2D-ROS2/./planner/include/Bspline.h:[m[K In function ‘[01m[Kstd::ostream& ego_planner::operator<<(std::ostream&, const ego_planner::Bspline_<ContainerAllocator>&)[m[K’:
[6.050s] [01m[K/workspace/Two-Circle-Ego-Planner/Two-Circle-EGO-Planner-2D-ROS2/./planner/include/Bspline.h:88:1:[m[K [01;35m[Kwarning: [m[Kno return statement in function returning non-void [[01;35m[K-Wreturn-type[m[K]
[6.050s]    88 | [01;35m[K}[m[K
[6.050s]       | [01;35m[K^[m[K
[6.069s] [01m[K/workspace/Two-Circle-Ego-Planner/Two-Circle-EGO-Planner-2D-ROS2/planner/plan_manage/src/planner_interface.cpp:[m[K In member function ‘[01m[Kvoid ego_planner::PlannerInterface::makePlan()[m[K’:
[6.069s] [01m[K/workspace/Two-Circle-Ego-Planner/Two-Circle-EGO-Planner-2D-ROS2/planner/plan_manage/src/planner_interface.cpp:173:52:[m[K [01;35m[Kwarning: [m[Kformat ‘[01m[K%d[m[K’ expects argument of type ‘[01m[Kint[m[K’, but argument 2 has type ‘[01m[Kstd::chrono::duration<long int, std::ratio<1, 1000> >::rep[m[K’ {aka ‘[01m[Klong int[m[K’} [[01;35m[K-Wformat=[m[K]
[6.069s]   173 |         printf("MotionPlanner Total Running Time: [01;35m[K%d[m[K  ms \n", [32m[Kelapsed.count()[m[K);
[6.069s]       |                                                   [01;35m[K~^[m[K          [32m[K~~~~~~~~~~~~~~~[m[K
[6.069s]       |                                                    [01;35m[K|[m[K                       [32m[K|[m[K
[6.069s]       |                                                    [01;35m[Kint[m[K                     [32m[Kstd::chrono::duration<long int, std::ratio<1, 1000> >::rep {aka long int}[m[K
[6.069s]       |                                                   [32m[K%ld[m[K
[7.147s] [ 83%] [32m[1mLinking CXX static library libego_planner.a[0m
[7.173s] [ 83%] Built target ego_planner
[7.185s] [ 91%] [32mBuilding CXX object CMakeFiles/motion_plan.dir/src/trajectory_publisher.cpp.o[0m
[8.870s] In file included from [01m[K/workspace/Two-Circle-Ego-Planner/Two-Circle-EGO-Planner-2D-ROS2/./planner/plan_manage/include/plan_manage/planner_interface.h:16[m[K,
[8.870s]                  from [01m[K/workspace/Two-Circle-Ego-Planner/Two-Circle-EGO-Planner-2D-ROS2/include/trajectory_obstacles_publisher.h:46[m[K,
[8.870s]                  from [01m[K/workspace/Two-Circle-Ego-Planner/Two-Circle-EGO-Planner-2D-ROS2/src/trajectory_publisher.cpp:6[m[K:
[8.870s] [01m[K/workspace/Two-Circle-Ego-Planner/Two-Circle-EGO-Planner-2D-ROS2/./planner/include/Bspline.h:[m[K In function ‘[01m[Kstd::ostream& ego_planner::operator<<(std::ostream&, const ego_planner::Bspline_<ContainerAllocator>&)[m[K’:
[8.870s] [01m[K/workspace/Two-Circle-Ego-Planner/Two-Circle-EGO-Planner-2D-ROS2/./planner/include/Bspline.h:88:1:[m[K [01;35m[Kwarning: [m[Kno return statement in function returning non-void [[01;35m[K-Wreturn-type[m[K]
[8.870s]    88 | [01;35m[K}[m[K
[8.870s]       | [01;35m[K^[m[K
[9.045s] In file included from [01m[K/opt/ros/humble/include/rclcpp/rclcpp/logging.hpp:24[m[K,
[9.045s]                  from [01m[K/opt/ros/humble/include/rclcpp/rclcpp/client.hpp:40[m[K,
[9.045s]                  from [01m[K/opt/ros/humble/include/rclcpp/rclcpp/callback_group.hpp:24[m[K,
[9.045s]                  from [01m[K/opt/ros/humble/include/rclcpp/rclcpp/any_executable.hpp:20[m[K,
[9.045s]                  from [01m[K/opt/ros/humble/include/rclcpp/rclcpp/memory_strategy.hpp:25[m[K,
[9.045s]                  from [01m[K/opt/ros/humble/include/rclcpp/rclcpp/memory_strategies.hpp:18[m[K,
[9.045s]                  from [01m[K/opt/ros/humble/include/rclcpp/rclcpp/executor_options.hpp:20[m[K,
[9.045s]                  from [01m[K/opt/ros/humble/include/rclcpp/rclcpp/executor.hpp:37[m[K,
[9.045s]                  from [01m[K/opt/ros/humble/include/rclcpp/rclcpp/executors/multi_threaded_executor.hpp:25[m[K,
[9.045s]                  from [01m[K/opt/ros/humble/include/rclcpp/rclcpp/executors.hpp:21[m[K,
[9.045s]                  from [01m[K/opt/ros/humble/include/rclcpp/rclcpp/rclcpp.hpp:155[m[K,
[9.045s]                  from [01m[K/workspace/Two-Circle-Ego-Planner/Two-Circle-EGO-Planner-2D-ROS2/include/trajectory_obstacles_publisher.h:30[m[K,
[9.045s]                  from [01m[K/workspace/Two-Circle-Ego-Planner/Two-Circle-EGO-Planner-2D-ROS2/src/trajectory_publisher.cpp:6[m[K:
[9.045s] [01m[K/workspace/Two-Circle-Ego-Planner/Two-Circle-EGO-Planner-2D-ROS2/src/trajectory_publisher.cpp:[m[K In constructor ‘[01m[KTrajectoryAndObstaclesPublisher::TrajectoryAndObstaclesPublisher()[m[K’:
[9.045s] [01m[K/workspace/Two-Circle-Ego-Planner/Two-Circle-EGO-Planner-2D-ROS2/src/trajectory_publisher.cpp:86:37:[m[K [01;35m[Kwarning: [m[Kzero-length gnu_printf format string [[01;35m[K-Wformat-zero-length[m[K]
[9.045s]    86 |     RCLCPP_INFO(this->get_logger(), [01;35m[K""[m[K);
[9.045s]       |                                     [01;35m[K^~[m[K
[24.523s] [100%] [32m[1mLinking CXX executable motion_plan[0m
[24.988s] [100%] Built target motion_plan
[24.994s] Invoked command in '/workspace/Two-Circle-Ego-Planner/Two-Circle-EGO-Planner-2D-ROS2/build/ego_planner' returned '0': CMAKE_PREFIX_PATH=/opt/ros/humble /usr/bin/cmake --build /workspace/Two-Circle-Ego-Planner/Two-Circle-EGO-Planner-2D-ROS2/build/ego_planner -- -j20 -l20
[24.998s] Invoking command in '/workspace/Two-Circle-Ego-Planner/Two-Circle-EGO-Planner-2D-ROS2/build/ego_planner': CMAKE_PREFIX_PATH=/opt/ros/humble /usr/bin/cmake --install /workspace/Two-Circle-Ego-Planner/Two-Circle-EGO-Planner-2D-ROS2/build/ego_planner
[25.001s] -- Install configuration: "Release"
[25.002s] -- Installing: /workspace/Two-Circle-Ego-Planner/Two-Circle-EGO-Planner-2D-ROS2/install/ego_planner/lib/ego_planner/motion_plan
[25.030s] -- Set runtime path of "/workspace/Two-Circle-Ego-Planner/Two-Circle-EGO-Planner-2D-ROS2/install/ego_planner/lib/ego_planner/motion_plan" to ""
[25.030s] -- Installing: /workspace/Two-Circle-Ego-Planner/Two-Circle-EGO-Planner-2D-ROS2/install/ego_planner/share/ament_index/resource_index/package_run_dependencies/ego_planner
[25.031s] -- Installing: /workspace/Two-Circle-Ego-Planner/Two-Circle-EGO-Planner-2D-ROS2/install/ego_planner/share/ament_index/resource_index/parent_prefix_path/ego_planner
[25.031s] -- Installing: /workspace/Two-Circle-Ego-Planner/Two-Circle-EGO-Planner-2D-ROS2/install/ego_planner/share/ego_planner/environment/ament_prefix_path.sh
[25.031s] -- Installing: /workspace/Two-Circle-Ego-Planner/Two-Circle-EGO-Planner-2D-ROS2/install/ego_planner/share/ego_planner/environment/ament_prefix_path.dsv
[25.031s] -- Installing: /workspace/Two-Circle-Ego-Planner/Two-Circle-EGO-Planner-2D-ROS2/install/ego_planner/share/ego_planner/environment/path.sh
[25.031s] -- Installing: /workspace/Two-Circle-Ego-Planner/Two-Circle-EGO-Planner-2D-ROS2/install/ego_planner/share/ego_planner/environment/path.dsv
[25.031s] -- Installing: /workspace/Two-Circle-Ego-Planner/Two-Circle-EGO-Planner-2D-ROS2/install/ego_planner/share/ego_planner/local_setup.bash
[25.031s] -- Installing: /workspace/Two-Circle-Ego-Planner/Two-Circle-EGO-Planner-2D-ROS2/install/ego_planner/share/ego_planner/local_setup.sh
[25.031s] -- Installing: /workspace/Two-Circle-Ego-Planner/Two-Circle-EGO-Planner-2D-ROS2/install/ego_planner/share/ego_planner/local_setup.zsh
[25.031s] -- Installing: /workspace/Two-Circle-Ego-Planner/Two-Circle-EGO-Planner-2D-ROS2/install/ego_planner/share/ego_planner/local_setup.dsv
[25.031s] -- Installing: /workspace/Two-Circle-Ego-Planner/Two-Circle-EGO-Planner-2D-ROS2/install/ego_planner/share/ego_planner/package.dsv
[25.031s] -- Installing: /workspace/Two-Circle-Ego-Planner/Two-Circle-EGO-Planner-2D-ROS2/install/ego_planner/share/ament_index/resource_index/packages/ego_planner
[25.031s] -- Installing: /workspace/Two-Circle-Ego-Planner/Two-Circle-EGO-Planner-2D-ROS2/install/ego_planner/share/ego_planner/cmake/ego_plannerConfig.cmake
[25.031s] -- Installing: /workspace/Two-Circle-Ego-Planner/Two-Circle-EGO-Planner-2D-ROS2/install/ego_planner/share/ego_planner/cmake/ego_plannerConfig-version.cmake
[25.031s] -- Installing: /workspace/Two-Circle-Ego-Planner/Two-Circle-EGO-Planner-2D-ROS2/install/ego_planner/share/ego_planner/package.xml
[25.032s] Invoked command in '/workspace/Two-Circle-Ego-Planner/Two-Circle-EGO-Planner-2D-ROS2/build/ego_planner' returned '0': CMAKE_PREFIX_PATH=/opt/ros/humble /usr/bin/cmake --install /workspace/Two-Circle-Ego-Planner/Two-Circle-EGO-Planner-2D-ROS2/build/ego_planner
