[0.009s] Invoking command in '/workspace/Two-Circle-Ego-Planner/Two-Circle-EGO-Planner-2D-ROS2/build/ego_planner': CMAKE_PREFIX_PATH=/opt/ros/humble /usr/bin/cmake --build /workspace/Two-Circle-Ego-Planner/Two-Circle-EGO-Planner-2D-ROS2/build/ego_planner -- -j20 -l20
[0.032s] [35m[1mConsolidate compiler generated dependencies of target local_map[0m
[0.033s] [35m[1mConsolidate compiler generated dependencies of target path_searching[0m
[0.033s] [35m[1mConsolidate compiler generated dependencies of target bspline_opt[0m
[0.040s] [ 16%] Built target local_map
[0.041s] [ 33%] Built target path_searching
[0.041s] [ 66%] Built target bspline_opt
[0.047s] [35m[1mConsolidate compiler generated dependencies of target ego_planner[0m
[0.055s] [ 83%] Built target ego_planner
[0.062s] [35m[1mConsolidate compiler generated dependencies of target motion_plan[0m
[0.070s] [100%] Built target motion_plan
[0.077s] Invoked command in '/workspace/Two-Circle-Ego-Planner/Two-Circle-EGO-Planner-2D-ROS2/build/ego_planner' returned '0': CMAKE_PREFIX_PATH=/opt/ros/humble /usr/bin/cmake --build /workspace/Two-Circle-Ego-Planner/Two-Circle-EGO-Planner-2D-ROS2/build/ego_planner -- -j20 -l20
[0.083s] Invoking command in '/workspace/Two-Circle-Ego-Planner/Two-Circle-EGO-Planner-2D-ROS2/build/ego_planner': CMAKE_PREFIX_PATH=/opt/ros/humble /usr/bin/cmake --install /workspace/Two-Circle-Ego-Planner/Two-Circle-EGO-Planner-2D-ROS2/build/ego_planner
[0.088s] -- Install configuration: "Release"
[0.089s] -- Up-to-date: /workspace/Two-Circle-Ego-Planner/Two-Circle-EGO-Planner-2D-ROS2/install/ego_planner/lib/ego_planner/motion_plan
[0.089s] -- Up-to-date: /workspace/Two-Circle-Ego-Planner/Two-Circle-EGO-Planner-2D-ROS2/install/ego_planner/share/ament_index/resource_index/package_run_dependencies/ego_planner
[0.089s] -- Up-to-date: /workspace/Two-Circle-Ego-Planner/Two-Circle-EGO-Planner-2D-ROS2/install/ego_planner/share/ament_index/resource_index/parent_prefix_path/ego_planner
[0.089s] -- Up-to-date: /workspace/Two-Circle-Ego-Planner/Two-Circle-EGO-Planner-2D-ROS2/install/ego_planner/share/ego_planner/environment/ament_prefix_path.sh
[0.089s] -- Up-to-date: /workspace/Two-Circle-Ego-Planner/Two-Circle-EGO-Planner-2D-ROS2/install/ego_planner/share/ego_planner/environment/ament_prefix_path.dsv
[0.089s] -- Up-to-date: /workspace/Two-Circle-Ego-Planner/Two-Circle-EGO-Planner-2D-ROS2/install/ego_planner/share/ego_planner/environment/path.sh
[0.089s] -- Up-to-date: /workspace/Two-Circle-Ego-Planner/Two-Circle-EGO-Planner-2D-ROS2/install/ego_planner/share/ego_planner/environment/path.dsv
[0.089s] -- Up-to-date: /workspace/Two-Circle-Ego-Planner/Two-Circle-EGO-Planner-2D-ROS2/install/ego_planner/share/ego_planner/local_setup.bash
[0.089s] -- Up-to-date: /workspace/Two-Circle-Ego-Planner/Two-Circle-EGO-Planner-2D-ROS2/install/ego_planner/share/ego_planner/local_setup.sh
[0.089s] -- Up-to-date: /workspace/Two-Circle-Ego-Planner/Two-Circle-EGO-Planner-2D-ROS2/install/ego_planner/share/ego_planner/local_setup.zsh
[0.089s] -- Up-to-date: /workspace/Two-Circle-Ego-Planner/Two-Circle-EGO-Planner-2D-ROS2/install/ego_planner/share/ego_planner/local_setup.dsv
[0.089s] -- Installing: /workspace/Two-Circle-Ego-Planner/Two-Circle-EGO-Planner-2D-ROS2/install/ego_planner/share/ego_planner/package.dsv
[0.090s] -- Up-to-date: /workspace/Two-Circle-Ego-Planner/Two-Circle-EGO-Planner-2D-ROS2/install/ego_planner/share/ament_index/resource_index/packages/ego_planner
[0.090s] -- Up-to-date: /workspace/Two-Circle-Ego-Planner/Two-Circle-EGO-Planner-2D-ROS2/install/ego_planner/share/ego_planner/cmake/ego_plannerConfig.cmake
[0.090s] -- Up-to-date: /workspace/Two-Circle-Ego-Planner/Two-Circle-EGO-Planner-2D-ROS2/install/ego_planner/share/ego_planner/cmake/ego_plannerConfig-version.cmake
[0.090s] -- Up-to-date: /workspace/Two-Circle-Ego-Planner/Two-Circle-EGO-Planner-2D-ROS2/install/ego_planner/share/ego_planner/package.xml
[0.094s] Invoked command in '/workspace/Two-Circle-Ego-Planner/Two-Circle-EGO-Planner-2D-ROS2/build/ego_planner' returned '0': CMAKE_PREFIX_PATH=/opt/ros/humble /usr/bin/cmake --install /workspace/Two-Circle-Ego-Planner/Two-Circle-EGO-Planner-2D-ROS2/build/ego_planner
